<html>
  <body>
    <h2>test component</h2>
    <p>test component content</p>
    <div>Test to see how many levels components can have</div>
    <div>Step 1<div>Step 2<div>Step 3<div>Step 4<div>Success Reached step 5 (final component)</div></div></div></div></div>

    <div>Test to see what happens if a component calls itself</div>
    <div>Placeholder for recursive text</div>
    <h2>list non-nested</h2>
    <ul>
      <li>item 1</li>
      <li>item 2</li>
    </ul>

    <h2>limited items</h2>
    <ul>
      <li>item 1</li>
    </ul>

    <h2>list nested HTML</h2>
    <ul>
      <li>
        <span class="file">item 1</span>
        <div>
          <a href="items/item1.html">item 1</a>
        </div>
      </li>
      <li>
        <span class="file">item 2</span>
        <div>
          <a href="items/item2.html">item 2</a>
        </div>
      </li>
    </ul>

    <h2>data comp table</h2>
    <table border="1" cellspacing="2" cellpadding="2">
      <thead>
        <tr>
          <th>Title 1</th>
        </tr>
      </thead>
      <tfoot>
        <tr>
          <td>Sum 4</td>
        </tr>
      </tfoot>
      <tbody>
        <tr>
          <td>item 1</td>
        </tr>
        <tr>
          <td>item 2</td>
        </tr>
      </tbody>
    </table>

    <h2>data comp tbody</h2>
    <table border="1" cellspacing="2" cellpadding="2">
      <thead>
        <tr>
          <th>Title 1</th>
        </tr>
      </thead>
      <tfoot>
        <tr>
          <td>Sum 4</td>
        </tr>
      </tfoot>
      <tbody>
        <tr>
          <td>item 1</td>
        </tr>
        <tr>
          <td>item 2</td>
        </tr>
      </tbody>
    </table>

    <h2>multi attr/val singular write</h2>
    <p  class="file">item 1</p>

    <h2>list nested data</h2>
    <ul>
      <li>
        <h3>item 1</h3>
        <p>Item 1 should have 1 link</p>
        <ol>
          <li>
            <a href="http://www.silkyweb.org">Silk Home Page</a>
            <ul>
              <li><span>Silk Home Page - content 1</span></li>
            </ul>
          </li>
        </ol>
      </li>
      <li>
        <h3>item 2</h3>
        <p>Item 2 should have 4 links</p>
        <ol>
          <li>
            <a href="http://silk-web-toolkit.github.io/blank-template/">Blank Template Example</a>
            <ul>
              <li><span>Blank Template Example - content 1</span></li>
              <li><span>Blank Template Example - content 2</span></li>
            </ul>
          </li>
          <li>
            <a href="http://silk-web-toolkit.github.io/sourced-component/">Sourced Component Example</a>
            <ul>
              <li><span>Sourced Component Example - content 1</span></li>
              <li><span>Sourced Component Example - content 2</span></li>
              <li><span>Sourced Component Example - content 3</span></li>
            </ul>
            <ol>
              <li>Hey look at me I'm on the same level</li>
            </ol>
          </li>
          <li>
            <a href="http://silk-web-toolkit.github.io/tree-component/">Tree Component Example</a>
            <ul>
              <li><span>Tree Component Example - content 1</span></li>
              <li>
                <span>Tree Component Example - content 2</span>
                <ul><li><span>Im a sub node</span></li></ul>
              </li>
              <li><span>Tree Component Example - content 3</span></li>
              <li><span>Tree Component Example - content 4</span></li>
            </ul>
          </li>
          <li>
            <a href="http://silk-web-toolkit.github.io/blog/">Blog Example</a>
            <ul>
              <li><span>Blog Example - content 1</span></li>
              <li><span>Blog Example - content 2</span></li>
              <li><span>Blog Example - content 3</span></li>
              <li><span>Blog Example - content 4</span></li>
              <li><span>Blog Example - content 5</span></li>
            </ul>
          </li>
        </ol>
      </li>
    </ul>
    <h2>data when</h2>
    <table border="1" cellspacing="2" cellpadding="2">
      <tbody>
      	<tr>
          <td>Item 1 has a description</td>
          <td>Item 1 should be seen</td>
        </tr>
      </tbody>
    </table>
    <h2>data when not</h2>
    <table border="1" cellspacing="2" cellpadding="2">
      <tbody>
      	<tr>
          <td>Item 2 does not have a description</td>
          <td></td>
        </tr>
      </tbody>
    </table>
    <h2>Rich field example</h2>
    <ul>
      <li>
        <p>a rich content item</p>
        <div>blurby</div>
        Summary:
        <div>
          <p>a summary first paragraph</p>
          <p>a second paragraph with a <strong>bold</strong> item</p>
        </div>
        Body:
        <div>
          <p>a first paragraph</p>
          <p>a second paragraph with a <strong>bold</strong> item</p>
        </div>
      </li>
    </ul>

    <h2>Markdown example</h2>
    <ul>
      <li>
        <h2>a markdown title</h2>
        <div>
          <p>a first paragraph</p>
          <p>a second paragraph with a <strong>bold</strong> item</p>
        </div>
      </li>
    </ul>
  </body>
</html>
